// Jest Snapshot v1, https://goo.gl/fbAQLP

exports[`<Heading /> shold render the heading 1`] = `
.c0 {
  font-size: 34px;
}

<h1
  class="c0"
/>
`;
